=== кандидат pad_top=4 zag_mb=4 (tag=e1-pt4-mb4) ===
=== прогон 'e1-pt4-mb4': 21 слайдов измерено, 2 переполнено (своб. 0 / заперт. 2), суммарно 17.7 px ===
  ❌ kategoriya                   +14.5    px  (verstka_reshena: da)
  ❌ kategoriya-vect-iso          +3.2     px  (verstka_reshena: da)
цена кегля: средняя 0.75%, худшая 26.32% (kategoriya)
лог дописан → /Users/ivanyakovlev/Documents/GitHub/materials-wt/polya-i-uzor/_studio/zhurnal/2026-08-10_dizajn-i-metriki/polya-i-uzor/progon.log

  -> переполнено 2 (своб 0 / заперт 2), px_svob=0.0, кегль ср 0.75% худш 26.32%
=== кандидат pad_top=6 zag_mb=6 (tag=e1-pt6-mb6) ===
=== прогон 'e1-pt6-mb6': 21 слайдов измерено, 2 переполнено (своб. 0 / заперт. 2), суммарно 23.7 px ===
  ❌ kategoriya                   +16.5    px  (verstka_reshena: da)
  ❌ kategoriya-vect-iso          +7.2     px  (verstka_reshena: da)
цена кегля: средняя 1.13%, худшая 26.32% (kategoriya)
лог дописан → /Users/ivanyakovlev/Documents/GitHub/materials-wt/polya-i-uzor/_studio/zhurnal/2026-08-10_dizajn-i-metriki/polya-i-uzor/progon.log

  -> переполнено 2 (своб 0 / заперт 2), px_svob=0.0, кегль ср 1.13% худш 26.32%
=== кандидат pad_top=8 zag_mb=6 (tag=e1-pt8-mb6) ===
=== прогон 'e1-pt8-mb6': 21 слайдов измерено, 2 переполнено (своб. 0 / заперт. 2), суммарно 27.6 px ===
  ❌ kategoriya                   +18.4    px  (verstka_reshena: da)
  ❌ kategoriya-vect-iso          +9.2     px  (verstka_reshena: da)
цена кегля: средняя 1.75%, худшая 26.32% (kategoriya)
лог дописан → /Users/ivanyakovlev/Documents/GitHub/materials-wt/polya-i-uzor/_studio/zhurnal/2026-08-10_dizajn-i-metriki/polya-i-uzor/progon.log

  -> переполнено 2 (своб 0 / заперт 2), px_svob=0.0, кегль ср 1.75% худш 26.32%
=== кандидат pad_top=10 zag_mb=8 (tag=e1-pt10-mb8) ===
=== прогон 'e1-pt10-mb8': 21 слайдов измерено, 2 переполнено (своб. 0 / заперт. 2), суммарно 33.6 px ===
  ❌ kategoriya                   +20.4    px  (verstka_reshena: da)
  ❌ kategoriya-vect-iso          +13.2    px  (verstka_reshena: da)
цена кегля: средняя 1.63%, худшая 26.32% (kategoriya)
лог дописан → /Users/ivanyakovlev/Documents/GitHub/materials-wt/polya-i-uzor/_studio/zhurnal/2026-08-10_dizajn-i-metriki/polya-i-uzor/progon.log

  -> переполнено 4 (своб 0 / заперт 4), px_svob=0.0, кегль ср 1.63% худш 26.32%
таблица → /Users/ivanyakovlev/Documents/GitHub/materials-wt/polya-i-uzor/_studio/zhurnal/2026-08-10_dizajn-i-metriki/polya-i-uzor/podbor-e1.md
ЛУЧШИЙ: pad_top=4 zag_mb=4 -> {'pad_top': 4, 'zag_mb': 4, 'tag': 'e1-pt4-mb4', 'n_pereliv': 2, 'n_svob': 0, 'n_zapert': 2, 'px_svob': 0, 'kegl_avg_pct': 0.75, 'kegl_worst_pct': 26.32, 'svob_slaidy': []}
tipy.py оставлен на лучшей комбинации
