{"sid": "anons-dvojstvennogo", "tag": "posle-zanovo", "kegl": 41.0, "cena_kegl_pct": -7.89, "pereliv_h_px": 0.0, "pereliv_x_px": 0, "smeta_vlezaet": true, "brauzer_fits": true, "t": "2026-08-14T05:09:34"}
{"sid": "anons-retraktov", "tag": "posle-zanovo", "kegl": 41.0, "cena_kegl_pct": -7.89, "pereliv_h_px": 0.0, "pereliv_x_px": 0, "smeta_vlezaet": true, "brauzer_fits": true, "t": "2026-08-14T05:09:34"}
{"sid": "bazis-i-matricy", "tag": "posle-zanovo", "kegl": 38.0, "cena_kegl_pct": 0.0, "pereliv_h_px": 9.8, "pereliv_x_px": 0, "smeta_vlezaet": false, "brauzer_fits": true, "t": "2026-08-14T05:09:34"}
{"sid": "centr-gruppy", "tag": "posle-zanovo", "kegl": 39.0, "cena_kegl_pct": -2.63, "pereliv_h_px": 9.7, "pereliv_x_px": 0, "smeta_vlezaet": false, "brauzer_fits": true, "t": "2026-08-14T05:09:34"}
{"sid": "dvazhdy-dvojstvennoe", "tag": "posle-zanovo", "kegl": 38.0, "cena_kegl_pct": 0.0, "pereliv_h_px": 9.8, "pereliv_x_px": 0, "smeta_vlezaet": false, "brauzer_fits": true, "t": "2026-08-14T05:09:34"}
{"sid": "dvojstvennoe-prostranstvo", "tag": "posle-zanovo", "kegl": 37.0, "cena_kegl_pct": 2.63, "pereliv_h_px": 9.8, "pereliv_x_px": 0, "smeta_vlezaet": false, "brauzer_fits": true, "t": "2026-08-14T05:09:34"}
{"sid": "dvojstvennyj-bazis", "tag": "posle-zanovo", "kegl": 36.0, "cena_kegl_pct": 5.26, "pereliv_h_px": 9.8, "pereliv_x_px": 0, "smeta_vlezaet": false, "brauzer_fits": true, "t": "2026-08-14T05:09:34"}
{"sid": "fundamentalnaya-gruppa", "tag": "posle-zanovo", "kegl": 38.0, "cena_kegl_pct": 0.0, "pereliv_h_px": 9.7, "pereliv_x_px": 0, "smeta_vlezaet": false, "brauzer_fits": true, "t": "2026-08-14T05:09:34"}
{"sid": "funktor", "tag": "posle-zanovo", "kegl": 32.0, "cena_kegl_pct": 15.79, "pereliv_h_px": 52.3, "pereliv_x_px": 0, "smeta_vlezaet": true, "brauzer_fits": false, "t": "2026-08-14T05:09:34"}
{"sid": "inyekcii", "tag": "posle-zanovo", "kegl": 36.0, "cena_kegl_pct": 5.26, "pereliv_h_px": 10.0, "pereliv_x_px": 0, "smeta_vlezaet": true, "brauzer_fits": true, "t": "2026-08-14T05:09:34"}
{"sid": "itogi", "tag": "posle-zanovo", "kegl": 41.0, "cena_kegl_pct": -7.89, "pereliv_h_px": 9.8, "pereliv_x_px": 0, "smeta_vlezaet": true, "brauzer_fits": true, "t": "2026-08-14T05:09:34"}
{"sid": "izomorfizm", "tag": "posle-zanovo", "kegl": 37.0, "cena_kegl_pct": 2.63, "pereliv_h_px": 9.8, "pereliv_x_px": 0, "smeta_vlezaet": false, "brauzer_fits": true, "t": "2026-08-14T05:09:34"}
{"sid": "kategoriya", "tag": "posle-zanovo", "kegl": 28.0, "cena_kegl_pct": 26.32, "pereliv_h_px": 30.4, "pereliv_x_px": 0, "smeta_vlezaet": true, "brauzer_fits": false, "t": "2026-08-14T05:09:34"}
{"sid": "kategoriya-vect-iso", "tag": "posle-zanovo", "kegl": 39.0, "cena_kegl_pct": -2.63, "pereliv_h_px": 69.0, "pereliv_x_px": 0, "smeta_vlezaet": true, "brauzer_fits": false, "t": "2026-08-14T05:09:34"}
{"sid": "moral-estestvennosti", "tag": "posle-zanovo", "kegl": 35.0, "cena_kegl_pct": 7.89, "pereliv_h_px": 9.7, "pereliv_x_px": 0, "smeta_vlezaet": true, "brauzer_fits": true, "t": "2026-08-14T05:09:34"}
{"sid": "napominanie", "tag": "posle-zanovo", "kegl": 40.0, "cena_kegl_pct": -5.26, "pereliv_h_px": 9.4, "pereliv_x_px": 0, "smeta_vlezaet": false, "brauzer_fits": true, "t": "2026-08-14T05:09:34"}
{"sid": "nekanonicheskij-izomorfizm", "tag": "posle-zanovo", "kegl": 38.0, "cena_kegl_pct": 0.0, "pereliv_h_px": 10.7, "pereliv_x_px": 0, "smeta_vlezaet": true, "brauzer_fits": true, "t": "2026-08-14T05:09:34"}
{"sid": "razdelitel-estestvennost", "tag": "posle-zanovo", "propushcheno": "тип вёрстки 'razdelitel' текстовой зоны не имеет либо не поддержан сметой (поддержаны: polosa_gorizontalnaya, polosa_vertikalnaya, tolko_tekst)", "t": "2026-08-14T05:09:34"}
{"sid": "razdelitel-retrakty", "tag": "posle-zanovo", "propushcheno": "тип вёрстки 'razdelitel' текстовой зоны не имеет либо не поддержан сметой (поддержаны: polosa_gorizontalnaya, polosa_vertikalnaya, tolko_tekst)", "t": "2026-08-14T05:09:34"}
{"sid": "retrakt", "tag": "posle-zanovo", "kegl": 35.0, "cena_kegl_pct": 7.89, "pereliv_h_px": 10.0, "pereliv_x_px": 0, "smeta_vlezaet": true, "brauzer_fits": true, "t": "2026-08-14T05:09:34"}
{"sid": "teorema-brauera", "tag": "posle-zanovo", "kegl": 36.0, "cena_kegl_pct": 5.26, "pereliv_h_px": 10.4, "pereliv_x_px": 0, "smeta_vlezaet": false, "brauzer_fits": true, "t": "2026-08-14T05:09:34"}
{"sid": "vektornye-prostranstva", "tag": "posle-zanovo", "kegl": 37.0, "cena_kegl_pct": 2.63, "pereliv_h_px": 9.7, "pereliv_x_px": 0, "smeta_vlezaet": true, "brauzer_fits": true, "t": "2026-08-14T05:09:34"}
{"sid": "zamena-bazisa", "tag": "posle-zanovo", "kegl": 38.0, "cena_kegl_pct": 0.0, "pereliv_h_px": 9.7, "pereliv_x_px": 3, "smeta_vlezaet": false, "brauzer_fits": true, "t": "2026-08-14T05:09:34"}
{"sid": "anons-dvojstvennogo", "tag": "posle-fix-bottom", "kegl": 41.0, "cena_kegl_pct": -7.89, "pereliv_h_px": 0.0, "pereliv_x_px": 0, "smeta_vlezaet": true, "brauzer_fits": true, "t": "2026-08-14T05:12:24"}
{"sid": "anons-retraktov", "tag": "posle-fix-bottom", "kegl": 41.0, "cena_kegl_pct": -7.89, "pereliv_h_px": 0.0, "pereliv_x_px": 0, "smeta_vlezaet": true, "brauzer_fits": true, "t": "2026-08-14T05:12:24"}
{"sid": "bazis-i-matricy", "tag": "posle-fix-bottom", "kegl": 38.0, "cena_kegl_pct": 0.0, "pereliv_h_px": 0.0, "pereliv_x_px": 0, "smeta_vlezaet": false, "brauzer_fits": true, "t": "2026-08-14T05:12:24"}
{"sid": "centr-gruppy", "tag": "posle-fix-bottom", "kegl": 38.0, "cena_kegl_pct": 0.0, "pereliv_h_px": 0.0, "pereliv_x_px": 0, "smeta_vlezaet": true, "brauzer_fits": true, "t": "2026-08-14T05:12:24"}
{"sid": "dvazhdy-dvojstvennoe", "tag": "posle-fix-bottom", "kegl": 38.0, "cena_kegl_pct": 0.0, "pereliv_h_px": 0.0, "pereliv_x_px": 0, "smeta_vlezaet": false, "brauzer_fits": true, "t": "2026-08-14T05:12:24"}
{"sid": "dvojstvennoe-prostranstvo", "tag": "posle-fix-bottom", "kegl": 36.0, "cena_kegl_pct": 5.26, "pereliv_h_px": 0.0, "pereliv_x_px": 0, "smeta_vlezaet": false, "brauzer_fits": true, "t": "2026-08-14T05:12:24"}
{"sid": "dvojstvennyj-bazis", "tag": "posle-fix-bottom", "kegl": 35.0, "cena_kegl_pct": 7.89, "pereliv_h_px": 0.0, "pereliv_x_px": 0, "smeta_vlezaet": false, "brauzer_fits": true, "t": "2026-08-14T05:12:24"}
{"sid": "fundamentalnaya-gruppa", "tag": "posle-fix-bottom", "kegl": 36.0, "cena_kegl_pct": 5.26, "pereliv_h_px": 0.0, "pereliv_x_px": 0, "smeta_vlezaet": true, "brauzer_fits": true, "t": "2026-08-14T05:12:24"}
{"sid": "funktor", "tag": "posle-fix-bottom", "kegl": 32.0, "cena_kegl_pct": 15.79, "pereliv_h_px": 52.3, "pereliv_x_px": 0, "smeta_vlezaet": true, "brauzer_fits": false, "t": "2026-08-14T05:12:24"}
{"sid": "inyekcii", "tag": "posle-fix-bottom", "kegl": 38.0, "cena_kegl_pct": 0.0, "pereliv_h_px": 0.0, "pereliv_x_px": 0, "smeta_vlezaet": false, "brauzer_fits": true, "t": "2026-08-14T05:12:24"}
{"sid": "itogi", "tag": "posle-fix-bottom", "kegl": 41.0, "cena_kegl_pct": -7.89, "pereliv_h_px": 0.0, "pereliv_x_px": 0, "smeta_vlezaet": true, "brauzer_fits": true, "t": "2026-08-14T05:12:24"}
{"sid": "izomorfizm", "tag": "posle-fix-bottom", "kegl": 37.0, "cena_kegl_pct": 2.63, "pereliv_h_px": 0.0, "pereliv_x_px": 0, "smeta_vlezaet": false, "brauzer_fits": true, "t": "2026-08-14T05:12:24"}
{"sid": "kategoriya", "tag": "posle-fix-bottom", "kegl": 28.0, "cena_kegl_pct": 26.32, "pereliv_h_px": 30.4, "pereliv_x_px": 0, "smeta_vlezaet": true, "brauzer_fits": false, "t": "2026-08-14T05:12:24"}
{"sid": "kategoriya-vect-iso", "tag": "posle-fix-bottom", "kegl": 39.0, "cena_kegl_pct": -2.63, "pereliv_h_px": 69.0, "pereliv_x_px": 0, "smeta_vlezaet": true, "brauzer_fits": false, "t": "2026-08-14T05:12:24"}
{"sid": "moral-estestvennosti", "tag": "posle-fix-bottom", "kegl": 38.0, "cena_kegl_pct": 0.0, "pereliv_h_px": 0.0, "pereliv_x_px": 0, "smeta_vlezaet": true, "brauzer_fits": true, "t": "2026-08-14T05:12:24"}
{"sid": "napominanie", "tag": "posle-fix-bottom", "kegl": 40.0, "cena_kegl_pct": -5.26, "pereliv_h_px": 0.0, "pereliv_x_px": 0, "smeta_vlezaet": false, "brauzer_fits": true, "t": "2026-08-14T05:12:24"}
{"sid": "nekanonicheskij-izomorfizm", "tag": "posle-fix-bottom", "kegl": 38.0, "cena_kegl_pct": 0.0, "pereliv_h_px": 0.0, "pereliv_x_px": 0, "smeta_vlezaet": true, "brauzer_fits": true, "t": "2026-08-14T05:12:24"}
{"sid": "razdelitel-estestvennost", "tag": "posle-fix-bottom", "propushcheno": "тип вёрстки 'razdelitel' текстовой зоны не имеет либо не поддержан сметой (поддержаны: polosa_gorizontalnaya, polosa_vertikalnaya, tolko_tekst)", "t": "2026-08-14T05:12:24"}
{"sid": "razdelitel-retrakty", "tag": "posle-fix-bottom", "propushcheno": "тип вёрстки 'razdelitel' текстовой зоны не имеет либо не поддержан сметой (поддержаны: polosa_gorizontalnaya, polosa_vertikalnaya, tolko_tekst)", "t": "2026-08-14T05:12:24"}
{"sid": "retrakt", "tag": "posle-fix-bottom", "kegl": 35.0, "cena_kegl_pct": 7.89, "pereliv_h_px": 3.8, "pereliv_x_px": 0, "smeta_vlezaet": true, "brauzer_fits": false, "t": "2026-08-14T05:12:24"}
{"sid": "teorema-brauera", "tag": "posle-fix-bottom", "kegl": 36.0, "cena_kegl_pct": 5.26, "pereliv_h_px": 6.7, "pereliv_x_px": 0, "smeta_vlezaet": false, "brauzer_fits": false, "t": "2026-08-14T05:12:24"}
{"sid": "vektornye-prostranstva", "tag": "posle-fix-bottom", "kegl": 37.0, "cena_kegl_pct": 2.63, "pereliv_h_px": 9.0, "pereliv_x_px": 0, "smeta_vlezaet": true, "brauzer_fits": false, "t": "2026-08-14T05:12:24"}
{"sid": "zamena-bazisa", "tag": "posle-fix-bottom", "kegl": 38.0, "cena_kegl_pct": 0.0, "pereliv_h_px": 0.0, "pereliv_x_px": 3, "smeta_vlezaet": false, "brauzer_fits": true, "t": "2026-08-14T05:12:24"}
{"sid": "anons-dvojstvennogo", "tag": "posle-op-snesen", "kegl": 41.0, "cena_kegl_pct": -7.89, "pereliv_h_px": 0.0, "pereliv_x_px": 0, "smeta_vlezaet": true, "brauzer_fits": true, "t": "2026-08-14T05:16:50"}
{"sid": "anons-retraktov", "tag": "posle-op-snesen", "kegl": 41.0, "cena_kegl_pct": -7.89, "pereliv_h_px": 0.0, "pereliv_x_px": 0, "smeta_vlezaet": true, "brauzer_fits": true, "t": "2026-08-14T05:16:50"}
{"sid": "bazis-i-matricy", "tag": "posle-op-snesen", "kegl": 38.0, "cena_kegl_pct": 0.0, "pereliv_h_px": 0.0, "pereliv_x_px": 0, "smeta_vlezaet": false, "brauzer_fits": true, "t": "2026-08-14T05:16:50"}
{"sid": "centr-gruppy", "tag": "posle-op-snesen", "kegl": 38.0, "cena_kegl_pct": 0.0, "pereliv_h_px": 0.0, "pereliv_x_px": 0, "smeta_vlezaet": true, "brauzer_fits": true, "t": "2026-08-14T05:16:50"}
{"sid": "dvazhdy-dvojstvennoe", "tag": "posle-op-snesen", "kegl": 38.0, "cena_kegl_pct": 0.0, "pereliv_h_px": 0.0, "pereliv_x_px": 0, "smeta_vlezaet": false, "brauzer_fits": true, "t": "2026-08-14T05:16:50"}
{"sid": "dvojstvennoe-prostranstvo", "tag": "posle-op-snesen", "kegl": 36.0, "cena_kegl_pct": 5.26, "pereliv_h_px": 0.0, "pereliv_x_px": 0, "smeta_vlezaet": false, "brauzer_fits": true, "t": "2026-08-14T05:16:50"}
{"sid": "dvojstvennyj-bazis", "tag": "posle-op-snesen", "kegl": 35.0, "cena_kegl_pct": 7.89, "pereliv_h_px": 0.0, "pereliv_x_px": 0, "smeta_vlezaet": false, "brauzer_fits": true, "t": "2026-08-14T05:16:50"}
{"sid": "fundamentalnaya-gruppa", "tag": "posle-op-snesen", "kegl": 36.0, "cena_kegl_pct": 5.26, "pereliv_h_px": 0.0, "pereliv_x_px": 0, "smeta_vlezaet": true, "brauzer_fits": true, "t": "2026-08-14T05:16:50"}
{"sid": "funktor", "tag": "posle-op-snesen", "kegl": 32.0, "cena_kegl_pct": 15.79, "pereliv_h_px": 52.3, "pereliv_x_px": 0, "smeta_vlezaet": true, "brauzer_fits": false, "t": "2026-08-14T05:16:50"}
{"sid": "inyekcii", "tag": "posle-op-snesen", "kegl": 38.0, "cena_kegl_pct": 0.0, "pereliv_h_px": 0.0, "pereliv_x_px": 0, "smeta_vlezaet": false, "brauzer_fits": true, "t": "2026-08-14T05:16:50"}
{"sid": "itogi", "tag": "posle-op-snesen", "kegl": 41.0, "cena_kegl_pct": -7.89, "pereliv_h_px": 0.0, "pereliv_x_px": 0, "smeta_vlezaet": true, "brauzer_fits": true, "t": "2026-08-14T05:16:50"}
{"sid": "izomorfizm", "tag": "posle-op-snesen", "kegl": 37.0, "cena_kegl_pct": 2.63, "pereliv_h_px": 0.0, "pereliv_x_px": 0, "smeta_vlezaet": false, "brauzer_fits": true, "t": "2026-08-14T05:16:50"}
{"sid": "kategoriya", "tag": "posle-op-snesen", "kegl": 28.0, "cena_kegl_pct": 26.32, "pereliv_h_px": 30.4, "pereliv_x_px": 0, "smeta_vlezaet": true, "brauzer_fits": false, "t": "2026-08-14T05:16:50"}
{"sid": "kategoriya-vect-iso", "tag": "posle-op-snesen", "kegl": 39.0, "cena_kegl_pct": -2.63, "pereliv_h_px": 69.0, "pereliv_x_px": 0, "smeta_vlezaet": true, "brauzer_fits": false, "t": "2026-08-14T05:16:50"}
{"sid": "moral-estestvennosti", "tag": "posle-op-snesen", "kegl": 38.0, "cena_kegl_pct": 0.0, "pereliv_h_px": 0.0, "pereliv_x_px": 0, "smeta_vlezaet": true, "brauzer_fits": true, "t": "2026-08-14T05:16:50"}
{"sid": "napominanie", "tag": "posle-op-snesen", "kegl": 40.0, "cena_kegl_pct": -5.26, "pereliv_h_px": 0.0, "pereliv_x_px": 0, "smeta_vlezaet": false, "brauzer_fits": true, "t": "2026-08-14T05:16:50"}
{"sid": "nekanonicheskij-izomorfizm", "tag": "posle-op-snesen", "kegl": 38.0, "cena_kegl_pct": 0.0, "pereliv_h_px": 0.0, "pereliv_x_px": 0, "smeta_vlezaet": true, "brauzer_fits": true, "t": "2026-08-14T05:16:50"}
{"sid": "razdelitel-estestvennost", "tag": "posle-op-snesen", "propushcheno": "тип вёрстки 'razdelitel' текстовой зоны не имеет либо не поддержан сметой (поддержаны: polosa_gorizontalnaya, polosa_vertikalnaya, tolko_tekst)", "t": "2026-08-14T05:16:50"}
{"sid": "razdelitel-retrakty", "tag": "posle-op-snesen", "propushcheno": "тип вёрстки 'razdelitel' текстовой зоны не имеет либо не поддержан сметой (поддержаны: polosa_gorizontalnaya, polosa_vertikalnaya, tolko_tekst)", "t": "2026-08-14T05:16:50"}
{"sid": "retrakt", "tag": "posle-op-snesen", "kegl": 35.0, "cena_kegl_pct": 7.89, "pereliv_h_px": 3.8, "pereliv_x_px": 0, "smeta_vlezaet": true, "brauzer_fits": false, "t": "2026-08-14T05:16:50"}
{"sid": "teorema-brauera", "tag": "posle-op-snesen", "kegl": 36.0, "cena_kegl_pct": 5.26, "pereliv_h_px": 6.7, "pereliv_x_px": 0, "smeta_vlezaet": false, "brauzer_fits": false, "t": "2026-08-14T05:16:50"}
{"sid": "vektornye-prostranstva", "tag": "posle-op-snesen", "kegl": 37.0, "cena_kegl_pct": 2.63, "pereliv_h_px": 9.0, "pereliv_x_px": 0, "smeta_vlezaet": true, "brauzer_fits": false, "t": "2026-08-14T05:16:50"}
{"sid": "zamena-bazisa", "tag": "posle-op-snesen", "kegl": 38.0, "cena_kegl_pct": 0.0, "pereliv_h_px": 0.0, "pereliv_x_px": 3, "smeta_vlezaet": false, "brauzer_fits": true, "t": "2026-08-14T05:16:50"}
{"sid": "anons-dvojstvennogo", "tag": "final", "kegl": 41.0, "cena_kegl_pct": -7.89, "pereliv_h_px": 0.0, "pereliv_x_px": 0, "smeta_vlezaet": true, "brauzer_fits": true, "t": "2026-08-14T05:38:21"}
{"sid": "anons-retraktov", "tag": "final", "kegl": 41.0, "cena_kegl_pct": -7.89, "pereliv_h_px": 0.0, "pereliv_x_px": 0, "smeta_vlezaet": true, "brauzer_fits": true, "t": "2026-08-14T05:38:21"}
{"sid": "bazis-i-matricy", "tag": "final", "kegl": 38.0, "cena_kegl_pct": 0.0, "pereliv_h_px": 0.0, "pereliv_x_px": 0, "smeta_vlezaet": false, "brauzer_fits": true, "t": "2026-08-14T05:38:21"}
{"sid": "centr-gruppy", "tag": "final", "kegl": 38.0, "cena_kegl_pct": 0.0, "pereliv_h_px": 0.0, "pereliv_x_px": 0, "smeta_vlezaet": true, "brauzer_fits": true, "t": "2026-08-14T05:38:21"}
{"sid": "dvazhdy-dvojstvennoe", "tag": "final", "kegl": 38.0, "cena_kegl_pct": 0.0, "pereliv_h_px": 0.0, "pereliv_x_px": 0, "smeta_vlezaet": false, "brauzer_fits": true, "t": "2026-08-14T05:38:21"}
{"sid": "dvojstvennoe-prostranstvo", "tag": "final", "kegl": 36.0, "cena_kegl_pct": 5.26, "pereliv_h_px": 0.0, "pereliv_x_px": 0, "smeta_vlezaet": false, "brauzer_fits": true, "t": "2026-08-14T05:38:21"}
{"sid": "dvojstvennyj-bazis", "tag": "final", "kegl": 35.0, "cena_kegl_pct": 7.89, "pereliv_h_px": 0.0, "pereliv_x_px": 0, "smeta_vlezaet": false, "brauzer_fits": true, "t": "2026-08-14T05:38:21"}
{"sid": "fundamentalnaya-gruppa", "tag": "final", "kegl": 36.0, "cena_kegl_pct": 5.26, "pereliv_h_px": 0.0, "pereliv_x_px": 0, "smeta_vlezaet": true, "brauzer_fits": true, "t": "2026-08-14T05:38:21"}
{"sid": "funktor", "tag": "final", "kegl": 32.0, "cena_kegl_pct": 15.79, "pereliv_h_px": 52.3, "pereliv_x_px": 0, "smeta_vlezaet": true, "brauzer_fits": false, "t": "2026-08-14T05:38:21"}
{"sid": "inyekcii", "tag": "final", "kegl": 38.0, "cena_kegl_pct": 0.0, "pereliv_h_px": 0.0, "pereliv_x_px": 0, "smeta_vlezaet": false, "brauzer_fits": true, "t": "2026-08-14T05:38:21"}
{"sid": "itogi", "tag": "final", "kegl": 41.0, "cena_kegl_pct": -7.89, "pereliv_h_px": 0.0, "pereliv_x_px": 0, "smeta_vlezaet": true, "brauzer_fits": true, "t": "2026-08-14T05:38:21"}
{"sid": "izomorfizm", "tag": "final", "kegl": 37.0, "cena_kegl_pct": 2.63, "pereliv_h_px": 0.0, "pereliv_x_px": 0, "smeta_vlezaet": false, "brauzer_fits": true, "t": "2026-08-14T05:38:21"}
{"sid": "kategoriya", "tag": "final", "kegl": 28.0, "cena_kegl_pct": 26.32, "pereliv_h_px": 30.4, "pereliv_x_px": 0, "smeta_vlezaet": true, "brauzer_fits": false, "t": "2026-08-14T05:38:21"}
{"sid": "kategoriya-vect-iso", "tag": "final", "kegl": 39.0, "cena_kegl_pct": -2.63, "pereliv_h_px": 69.0, "pereliv_x_px": 0, "smeta_vlezaet": true, "brauzer_fits": false, "t": "2026-08-14T05:38:21"}
{"sid": "moral-estestvennosti", "tag": "final", "kegl": 38.0, "cena_kegl_pct": 0.0, "pereliv_h_px": 0.0, "pereliv_x_px": 0, "smeta_vlezaet": true, "brauzer_fits": true, "t": "2026-08-14T05:38:21"}
{"sid": "napominanie", "tag": "final", "kegl": 40.0, "cena_kegl_pct": -5.26, "pereliv_h_px": 0.0, "pereliv_x_px": 0, "smeta_vlezaet": false, "brauzer_fits": true, "t": "2026-08-14T05:38:21"}
{"sid": "nekanonicheskij-izomorfizm", "tag": "final", "kegl": 38.0, "cena_kegl_pct": 0.0, "pereliv_h_px": 0.0, "pereliv_x_px": 0, "smeta_vlezaet": true, "brauzer_fits": true, "t": "2026-08-14T05:38:21"}
{"sid": "razdelitel-estestvennost", "tag": "final", "propushcheno": "тип вёрстки 'razdelitel' текстовой зоны не имеет либо не поддержан сметой (поддержаны: polosa_gorizontalnaya, polosa_vertikalnaya, tolko_tekst)", "t": "2026-08-14T05:38:21"}
{"sid": "razdelitel-retrakty", "tag": "final", "propushcheno": "тип вёрстки 'razdelitel' текстовой зоны не имеет либо не поддержан сметой (поддержаны: polosa_gorizontalnaya, polosa_vertikalnaya, tolko_tekst)", "t": "2026-08-14T05:38:21"}
{"sid": "retrakt", "tag": "final", "kegl": 35.0, "cena_kegl_pct": 7.89, "pereliv_h_px": 3.8, "pereliv_x_px": 0, "smeta_vlezaet": true, "brauzer_fits": false, "t": "2026-08-14T05:38:21"}
{"sid": "teorema-brauera", "tag": "final", "kegl": 36.0, "cena_kegl_pct": 5.26, "pereliv_h_px": 6.7, "pereliv_x_px": 0, "smeta_vlezaet": false, "brauzer_fits": false, "t": "2026-08-14T05:38:21"}
{"sid": "vektornye-prostranstva", "tag": "final", "kegl": 37.0, "cena_kegl_pct": 2.63, "pereliv_h_px": 9.0, "pereliv_x_px": 0, "smeta_vlezaet": true, "brauzer_fits": false, "t": "2026-08-14T05:38:21"}
{"sid": "zamena-bazisa", "tag": "final", "kegl": 38.0, "cena_kegl_pct": 0.0, "pereliv_h_px": 0.0, "pereliv_x_px": 3, "smeta_vlezaet": false, "brauzer_fits": true, "t": "2026-08-14T05:38:21"}
{"sid": "anons-dvojstvennogo", "tag": "debug1", "kegl": 41.0, "cena_kegl_pct": -7.89, "pereliv_h_px": 0.0, "pereliv_x_px": 0, "smeta_vlezaet": true, "brauzer_fits": true, "t": "2026-08-14T05:40:37"}
{"sid": "anons-retraktov", "tag": "debug1", "kegl": 41.0, "cena_kegl_pct": -7.89, "pereliv_h_px": 0.0, "pereliv_x_px": 0, "smeta_vlezaet": true, "brauzer_fits": true, "t": "2026-08-14T05:40:37"}
{"sid": "bazis-i-matricy", "tag": "debug1", "kegl": 38.0, "cena_kegl_pct": 0.0, "pereliv_h_px": 0.0, "pereliv_x_px": 0, "smeta_vlezaet": false, "brauzer_fits": true, "t": "2026-08-14T05:40:37"}
{"sid": "centr-gruppy", "tag": "debug1", "kegl": 39.0, "cena_kegl_pct": -2.63, "pereliv_h_px": 0.0, "pereliv_x_px": 0, "smeta_vlezaet": false, "brauzer_fits": true, "t": "2026-08-14T05:40:37"}
{"sid": "dvazhdy-dvojstvennoe", "tag": "debug1", "kegl": 38.0, "cena_kegl_pct": 0.0, "pereliv_h_px": 0.0, "pereliv_x_px": 0, "smeta_vlezaet": false, "brauzer_fits": true, "t": "2026-08-14T05:40:37"}
{"sid": "dvojstvennoe-prostranstvo", "tag": "debug1", "kegl": 36.0, "cena_kegl_pct": 5.26, "pereliv_h_px": 0.0, "pereliv_x_px": 0, "smeta_vlezaet": false, "brauzer_fits": true, "t": "2026-08-14T05:40:37"}
{"sid": "dvojstvennyj-bazis", "tag": "debug1", "kegl": 35.0, "cena_kegl_pct": 7.89, "pereliv_h_px": 0.0, "pereliv_x_px": 0, "smeta_vlezaet": false, "brauzer_fits": true, "t": "2026-08-14T05:40:37"}
{"sid": "fundamentalnaya-gruppa", "tag": "debug1", "kegl": 36.0, "cena_kegl_pct": 5.26, "pereliv_h_px": 0.0, "pereliv_x_px": 0, "smeta_vlezaet": true, "brauzer_fits": true, "t": "2026-08-14T05:40:37"}
{"sid": "funktor", "tag": "debug1", "kegl": 32.0, "cena_kegl_pct": 15.79, "pereliv_h_px": 52.3, "pereliv_x_px": 0, "smeta_vlezaet": true, "brauzer_fits": false, "t": "2026-08-14T05:40:37"}
{"sid": "inyekcii", "tag": "debug1", "kegl": 37.0, "cena_kegl_pct": 2.63, "pereliv_h_px": 0.0, "pereliv_x_px": 0, "smeta_vlezaet": true, "brauzer_fits": true, "t": "2026-08-14T05:40:37"}
{"sid": "itogi", "tag": "debug1", "kegl": 41.0, "cena_kegl_pct": -7.89, "pereliv_h_px": 0.0, "pereliv_x_px": 0, "smeta_vlezaet": true, "brauzer_fits": true, "t": "2026-08-14T05:40:37"}
{"sid": "izomorfizm", "tag": "debug1", "kegl": 37.0, "cena_kegl_pct": 2.63, "pereliv_h_px": 0.0, "pereliv_x_px": 0, "smeta_vlezaet": false, "brauzer_fits": true, "t": "2026-08-14T05:40:37"}
{"sid": "kategoriya", "tag": "debug1", "kegl": 28.0, "cena_kegl_pct": 26.32, "pereliv_h_px": 22.4, "pereliv_x_px": 0, "smeta_vlezaet": true, "brauzer_fits": false, "t": "2026-08-14T05:40:37"}
{"sid": "kategoriya-vect-iso", "tag": "debug1", "kegl": 39.0, "cena_kegl_pct": -2.63, "pereliv_h_px": 69.0, "pereliv_x_px": 0, "smeta_vlezaet": true, "brauzer_fits": false, "t": "2026-08-14T05:40:37"}
{"sid": "moral-estestvennosti", "tag": "debug1", "kegl": 38.0, "cena_kegl_pct": 0.0, "pereliv_h_px": 0.0, "pereliv_x_px": 0, "smeta_vlezaet": true, "brauzer_fits": true, "t": "2026-08-14T05:40:37"}
{"sid": "napominanie", "tag": "debug1", "kegl": 40.0, "cena_kegl_pct": -5.26, "pereliv_h_px": 0.0, "pereliv_x_px": 0, "smeta_vlezaet": false, "brauzer_fits": true, "t": "2026-08-14T05:40:37"}
{"sid": "nekanonicheskij-izomorfizm", "tag": "debug1", "kegl": 38.0, "cena_kegl_pct": 0.0, "pereliv_h_px": 0.0, "pereliv_x_px": 0, "smeta_vlezaet": true, "brauzer_fits": true, "t": "2026-08-14T05:40:37"}
{"sid": "razdelitel-estestvennost", "tag": "debug1", "propushcheno": "тип вёрстки 'razdelitel' текстовой зоны не имеет либо не поддержан сметой (поддержаны: polosa_gorizontalnaya, polosa_vertikalnaya, tolko_tekst)", "t": "2026-08-14T05:40:37"}
{"sid": "razdelitel-retrakty", "tag": "debug1", "propushcheno": "тип вёрстки 'razdelitel' текстовой зоны не имеет либо не поддержан сметой (поддержаны: polosa_gorizontalnaya, polosa_vertikalnaya, tolko_tekst)", "t": "2026-08-14T05:40:37"}
{"sid": "retrakt", "tag": "debug1", "kegl": 35.0, "cena_kegl_pct": 7.89, "pereliv_h_px": 3.8, "pereliv_x_px": 0, "smeta_vlezaet": true, "brauzer_fits": false, "t": "2026-08-14T05:40:37"}
{"sid": "teorema-brauera", "tag": "debug1", "kegl": 36.0, "cena_kegl_pct": 5.26, "pereliv_h_px": 6.7, "pereliv_x_px": 0, "smeta_vlezaet": false, "brauzer_fits": false, "t": "2026-08-14T05:40:37"}
{"sid": "vektornye-prostranstva", "tag": "debug1", "kegl": 37.0, "cena_kegl_pct": 2.63, "pereliv_h_px": 1.0, "pereliv_x_px": 0, "smeta_vlezaet": true, "brauzer_fits": false, "t": "2026-08-14T05:40:37"}
{"sid": "zamena-bazisa", "tag": "debug1", "kegl": 38.0, "cena_kegl_pct": 0.0, "pereliv_h_px": 0.0, "pereliv_x_px": 3, "smeta_vlezaet": false, "brauzer_fits": true, "t": "2026-08-14T05:40:37"}
{"sid": "anons-dvojstvennogo", "tag": "manual-top20", "kegl": 41.0, "cena_kegl_pct": -7.89, "pereliv_h_px": 0.0, "pereliv_x_px": 0, "smeta_vlezaet": true, "brauzer_fits": true, "t": "2026-08-14T05:47:38"}
{"sid": "anons-retraktov", "tag": "manual-top20", "kegl": 41.0, "cena_kegl_pct": -7.89, "pereliv_h_px": 0.0, "pereliv_x_px": 0, "smeta_vlezaet": true, "brauzer_fits": true, "t": "2026-08-14T05:47:38"}
{"sid": "bazis-i-matricy", "tag": "manual-top20", "kegl": 38.0, "cena_kegl_pct": 0.0, "pereliv_h_px": 0.0, "pereliv_x_px": 0, "smeta_vlezaet": false, "brauzer_fits": true, "t": "2026-08-14T05:47:38"}
{"sid": "centr-gruppy", "tag": "manual-top20", "kegl": 38.0, "cena_kegl_pct": 0.0, "pereliv_h_px": 0.0, "pereliv_x_px": 0, "smeta_vlezaet": true, "brauzer_fits": true, "t": "2026-08-14T05:47:38"}
{"sid": "dvazhdy-dvojstvennoe", "tag": "manual-top20", "kegl": 39.0, "cena_kegl_pct": -2.63, "pereliv_h_px": 0.0, "pereliv_x_px": 0, "smeta_vlezaet": false, "brauzer_fits": true, "t": "2026-08-14T05:47:38"}
{"sid": "dvojstvennoe-prostranstvo", "tag": "manual-top20", "kegl": 36.0, "cena_kegl_pct": 5.26, "pereliv_h_px": 0.0, "pereliv_x_px": 0, "smeta_vlezaet": false, "brauzer_fits": true, "t": "2026-08-14T05:47:38"}
{"sid": "dvojstvennyj-bazis", "tag": "manual-top20", "kegl": 35.0, "cena_kegl_pct": 7.89, "pereliv_h_px": 0.0, "pereliv_x_px": 0, "smeta_vlezaet": false, "brauzer_fits": true, "t": "2026-08-14T05:47:38"}
{"sid": "fundamentalnaya-gruppa", "tag": "manual-top20", "kegl": 36.0, "cena_kegl_pct": 5.26, "pereliv_h_px": 0.0, "pereliv_x_px": 0, "smeta_vlezaet": false, "brauzer_fits": true, "t": "2026-08-14T05:47:38"}
{"sid": "funktor", "tag": "manual-top20", "kegl": 32.0, "cena_kegl_pct": 15.79, "pereliv_h_px": 52.3, "pereliv_x_px": 0, "smeta_vlezaet": false, "brauzer_fits": false, "t": "2026-08-14T05:47:38"}
{"sid": "inyekcii", "tag": "manual-top20", "kegl": 38.0, "cena_kegl_pct": 0.0, "pereliv_h_px": 0.0, "pereliv_x_px": 0, "smeta_vlezaet": false, "brauzer_fits": true, "t": "2026-08-14T05:47:38"}
{"sid": "itogi", "tag": "manual-top20", "kegl": 41.0, "cena_kegl_pct": -7.89, "pereliv_h_px": 0.0, "pereliv_x_px": 0, "smeta_vlezaet": true, "brauzer_fits": true, "t": "2026-08-14T05:47:38"}
{"sid": "izomorfizm", "tag": "manual-top20", "kegl": 37.0, "cena_kegl_pct": 2.63, "pereliv_h_px": 0.0, "pereliv_x_px": 0, "smeta_vlezaet": false, "brauzer_fits": true, "t": "2026-08-14T05:47:38"}
{"sid": "kategoriya", "tag": "manual-top20", "kegl": 28.0, "cena_kegl_pct": 26.32, "pereliv_h_px": 36.4, "pereliv_x_px": 0, "smeta_vlezaet": false, "brauzer_fits": false, "t": "2026-08-14T05:47:38"}
{"sid": "kategoriya-vect-iso", "tag": "manual-top20", "kegl": 39.0, "cena_kegl_pct": -2.63, "pereliv_h_px": 69.0, "pereliv_x_px": 0, "smeta_vlezaet": false, "brauzer_fits": false, "t": "2026-08-14T05:47:38"}
{"sid": "moral-estestvennosti", "tag": "manual-top20", "kegl": 38.0, "cena_kegl_pct": 0.0, "pereliv_h_px": 0.0, "pereliv_x_px": 0, "smeta_vlezaet": true, "brauzer_fits": true, "t": "2026-08-14T05:47:38"}
{"sid": "napominanie", "tag": "manual-top20", "kegl": 40.0, "cena_kegl_pct": -5.26, "pereliv_h_px": 0.0, "pereliv_x_px": 0, "smeta_vlezaet": false, "brauzer_fits": true, "t": "2026-08-14T05:47:38"}
{"sid": "nekanonicheskij-izomorfizm", "tag": "manual-top20", "kegl": 38.0, "cena_kegl_pct": 0.0, "pereliv_h_px": 0.0, "pereliv_x_px": 0, "smeta_vlezaet": true, "brauzer_fits": true, "t": "2026-08-14T05:47:38"}
{"sid": "razdelitel-estestvennost", "tag": "manual-top20", "propushcheno": "тип вёрстки 'razdelitel' текстовой зоны не имеет либо не поддержан сметой (поддержаны: polosa_gorizontalnaya, polosa_vertikalnaya, tolko_tekst)", "t": "2026-08-14T05:47:38"}
{"sid": "razdelitel-retrakty", "tag": "manual-top20", "propushcheno": "тип вёрстки 'razdelitel' текстовой зоны не имеет либо не поддержан сметой (поддержаны: polosa_gorizontalnaya, polosa_vertikalnaya, tolko_tekst)", "t": "2026-08-14T05:47:38"}
{"sid": "retrakt", "tag": "manual-top20", "kegl": 35.0, "cena_kegl_pct": 7.89, "pereliv_h_px": 3.8, "pereliv_x_px": 0, "smeta_vlezaet": true, "brauzer_fits": false, "t": "2026-08-14T05:47:38"}
{"sid": "teorema-brauera", "tag": "manual-top20", "kegl": 36.0, "cena_kegl_pct": 5.26, "pereliv_h_px": 6.7, "pereliv_x_px": 0, "smeta_vlezaet": false, "brauzer_fits": false, "t": "2026-08-14T05:47:38"}
{"sid": "vektornye-prostranstva", "tag": "manual-top20", "kegl": 37.0, "cena_kegl_pct": 2.63, "pereliv_h_px": 14.9, "pereliv_x_px": 0, "smeta_vlezaet": true, "brauzer_fits": false, "t": "2026-08-14T05:47:38"}
{"sid": "zamena-bazisa", "tag": "manual-top20", "kegl": 38.0, "cena_kegl_pct": 0.0, "pereliv_h_px": 1.0, "pereliv_x_px": 3, "smeta_vlezaet": false, "brauzer_fits": false, "t": "2026-08-14T05:47:38"}
{"sid": "anons-dvojstvennogo", "tag": "manual-top26", "kegl": 41.0, "cena_kegl_pct": -7.89, "pereliv_h_px": 0.0, "pereliv_x_px": 0, "smeta_vlezaet": true, "brauzer_fits": true, "t": "2026-08-14T05:48:11"}
{"sid": "anons-retraktov", "tag": "manual-top26", "kegl": 41.0, "cena_kegl_pct": -7.89, "pereliv_h_px": 0.0, "pereliv_x_px": 0, "smeta_vlezaet": true, "brauzer_fits": true, "t": "2026-08-14T05:48:11"}
{"sid": "bazis-i-matricy", "tag": "manual-top26", "kegl": 38.0, "cena_kegl_pct": 0.0, "pereliv_h_px": 0.0, "pereliv_x_px": 0, "smeta_vlezaet": false, "brauzer_fits": true, "t": "2026-08-14T05:48:11"}
{"sid": "centr-gruppy", "tag": "manual-top26", "kegl": 38.0, "cena_kegl_pct": 0.0, "pereliv_h_px": 0.0, "pereliv_x_px": 0, "smeta_vlezaet": true, "brauzer_fits": true, "t": "2026-08-14T05:48:11"}
{"sid": "dvazhdy-dvojstvennoe", "tag": "manual-top26", "kegl": 38.0, "cena_kegl_pct": 0.0, "pereliv_h_px": 0.0, "pereliv_x_px": 0, "smeta_vlezaet": false, "brauzer_fits": true, "t": "2026-08-14T05:48:11"}
{"sid": "dvojstvennoe-prostranstvo", "tag": "manual-top26", "kegl": 36.0, "cena_kegl_pct": 5.26, "pereliv_h_px": 0.0, "pereliv_x_px": 0, "smeta_vlezaet": false, "brauzer_fits": true, "t": "2026-08-14T05:48:11"}
{"sid": "dvojstvennyj-bazis", "tag": "manual-top26", "kegl": 35.0, "cena_kegl_pct": 7.89, "pereliv_h_px": 0.0, "pereliv_x_px": 0, "smeta_vlezaet": false, "brauzer_fits": true, "t": "2026-08-14T05:48:11"}
{"sid": "fundamentalnaya-gruppa", "tag": "manual-top26", "kegl": 36.0, "cena_kegl_pct": 5.26, "pereliv_h_px": 0.0, "pereliv_x_px": 0, "smeta_vlezaet": true, "brauzer_fits": true, "t": "2026-08-14T05:48:11"}
{"sid": "funktor", "tag": "manual-top26", "kegl": 32.0, "cena_kegl_pct": 15.79, "pereliv_h_px": 52.3, "pereliv_x_px": 0, "smeta_vlezaet": true, "brauzer_fits": false, "t": "2026-08-14T05:48:11"}
{"sid": "inyekcii", "tag": "manual-top26", "kegl": 38.0, "cena_kegl_pct": 0.0, "pereliv_h_px": 0.0, "pereliv_x_px": 0, "smeta_vlezaet": false, "brauzer_fits": true, "t": "2026-08-14T05:48:11"}
{"sid": "itogi", "tag": "manual-top26", "kegl": 41.0, "cena_kegl_pct": -7.89, "pereliv_h_px": 0.0, "pereliv_x_px": 0, "smeta_vlezaet": true, "brauzer_fits": true, "t": "2026-08-14T05:48:11"}
{"sid": "izomorfizm", "tag": "manual-top26", "kegl": 37.0, "cena_kegl_pct": 2.63, "pereliv_h_px": 0.0, "pereliv_x_px": 0, "smeta_vlezaet": false, "brauzer_fits": true, "t": "2026-08-14T05:48:11"}
{"sid": "kategoriya", "tag": "manual-top26", "kegl": 28.0, "cena_kegl_pct": 26.32, "pereliv_h_px": 30.4, "pereliv_x_px": 0, "smeta_vlezaet": true, "brauzer_fits": false, "t": "2026-08-14T05:48:11"}
{"sid": "kategoriya-vect-iso", "tag": "manual-top26", "kegl": 39.0, "cena_kegl_pct": -2.63, "pereliv_h_px": 69.0, "pereliv_x_px": 0, "smeta_vlezaet": true, "brauzer_fits": false, "t": "2026-08-14T05:48:11"}
{"sid": "moral-estestvennosti", "tag": "manual-top26", "kegl": 38.0, "cena_kegl_pct": 0.0, "pereliv_h_px": 0.0, "pereliv_x_px": 0, "smeta_vlezaet": true, "brauzer_fits": true, "t": "2026-08-14T05:48:11"}
{"sid": "napominanie", "tag": "manual-top26", "kegl": 40.0, "cena_kegl_pct": -5.26, "pereliv_h_px": 0.0, "pereliv_x_px": 0, "smeta_vlezaet": false, "brauzer_fits": true, "t": "2026-08-14T05:48:11"}
{"sid": "nekanonicheskij-izomorfizm", "tag": "manual-top26", "kegl": 38.0, "cena_kegl_pct": 0.0, "pereliv_h_px": 0.0, "pereliv_x_px": 0, "smeta_vlezaet": true, "brauzer_fits": true, "t": "2026-08-14T05:48:11"}
{"sid": "razdelitel-estestvennost", "tag": "manual-top26", "propushcheno": "тип вёрстки 'razdelitel' текстовой зоны не имеет либо не поддержан сметой (поддержаны: polosa_gorizontalnaya, polosa_vertikalnaya, tolko_tekst)", "t": "2026-08-14T05:48:11"}
{"sid": "razdelitel-retrakty", "tag": "manual-top26", "propushcheno": "тип вёрстки 'razdelitel' текстовой зоны не имеет либо не поддержан сметой (поддержаны: polosa_gorizontalnaya, polosa_vertikalnaya, tolko_tekst)", "t": "2026-08-14T05:48:11"}
{"sid": "retrakt", "tag": "manual-top26", "kegl": 35.0, "cena_kegl_pct": 7.89, "pereliv_h_px": 3.8, "pereliv_x_px": 0, "smeta_vlezaet": true, "brauzer_fits": false, "t": "2026-08-14T05:48:11"}
{"sid": "teorema-brauera", "tag": "manual-top26", "kegl": 36.0, "cena_kegl_pct": 5.26, "pereliv_h_px": 6.7, "pereliv_x_px": 0, "smeta_vlezaet": false, "brauzer_fits": false, "t": "2026-08-14T05:48:11"}
{"sid": "vektornye-prostranstva", "tag": "manual-top26", "kegl": 37.0, "cena_kegl_pct": 2.63, "pereliv_h_px": 9.0, "pereliv_x_px": 0, "smeta_vlezaet": true, "brauzer_fits": false, "t": "2026-08-14T05:48:11"}
{"sid": "zamena-bazisa", "tag": "manual-top26", "kegl": 38.0, "cena_kegl_pct": 0.0, "pereliv_h_px": 0.0, "pereliv_x_px": 3, "smeta_vlezaet": false, "brauzer_fits": true, "t": "2026-08-14T05:48:11"}
{"sid": "anons-dvojstvennogo", "tag": "manual-top32", "kegl": 41.0, "cena_kegl_pct": -7.89, "pereliv_h_px": 0.0, "pereliv_x_px": 0, "smeta_vlezaet": true, "brauzer_fits": true, "t": "2026-08-14T05:48:45"}
{"sid": "anons-retraktov", "tag": "manual-top32", "kegl": 41.0, "cena_kegl_pct": -7.89, "pereliv_h_px": 0.0, "pereliv_x_px": 0, "smeta_vlezaet": true, "brauzer_fits": true, "t": "2026-08-14T05:48:45"}
{"sid": "bazis-i-matricy", "tag": "manual-top32", "kegl": 38.0, "cena_kegl_pct": 0.0, "pereliv_h_px": 0.0, "pereliv_x_px": 0, "smeta_vlezaet": false, "brauzer_fits": true, "t": "2026-08-14T05:48:45"}
{"sid": "centr-gruppy", "tag": "manual-top32", "kegl": 39.0, "cena_kegl_pct": -2.63, "pereliv_h_px": 0.0, "pereliv_x_px": 0, "smeta_vlezaet": false, "brauzer_fits": true, "t": "2026-08-14T05:48:45"}
{"sid": "dvazhdy-dvojstvennoe", "tag": "manual-top32", "kegl": 38.0, "cena_kegl_pct": 0.0, "pereliv_h_px": 0.0, "pereliv_x_px": 0, "smeta_vlezaet": false, "brauzer_fits": true, "t": "2026-08-14T05:48:45"}
{"sid": "dvojstvennoe-prostranstvo", "tag": "manual-top32", "kegl": 36.0, "cena_kegl_pct": 5.26, "pereliv_h_px": 0.0, "pereliv_x_px": 0, "smeta_vlezaet": false, "brauzer_fits": true, "t": "2026-08-14T05:48:45"}
{"sid": "dvojstvennyj-bazis", "tag": "manual-top32", "kegl": 35.0, "cena_kegl_pct": 7.89, "pereliv_h_px": 0.0, "pereliv_x_px": 0, "smeta_vlezaet": false, "brauzer_fits": true, "t": "2026-08-14T05:48:45"}
{"sid": "fundamentalnaya-gruppa", "tag": "manual-top32", "kegl": 36.0, "cena_kegl_pct": 5.26, "pereliv_h_px": 0.0, "pereliv_x_px": 0, "smeta_vlezaet": true, "brauzer_fits": true, "t": "2026-08-14T05:48:45"}
{"sid": "funktor", "tag": "manual-top32", "kegl": 32.0, "cena_kegl_pct": 15.79, "pereliv_h_px": 52.3, "pereliv_x_px": 0, "smeta_vlezaet": true, "brauzer_fits": false, "t": "2026-08-14T05:48:45"}
{"sid": "inyekcii", "tag": "manual-top32", "kegl": 37.0, "cena_kegl_pct": 2.63, "pereliv_h_px": 0.0, "pereliv_x_px": 0, "smeta_vlezaet": true, "brauzer_fits": true, "t": "2026-08-14T05:48:45"}
{"sid": "itogi", "tag": "manual-top32", "kegl": 41.0, "cena_kegl_pct": -7.89, "pereliv_h_px": 0.0, "pereliv_x_px": 0, "smeta_vlezaet": true, "brauzer_fits": true, "t": "2026-08-14T05:48:45"}
{"sid": "izomorfizm", "tag": "manual-top32", "kegl": 37.0, "cena_kegl_pct": 2.63, "pereliv_h_px": 0.0, "pereliv_x_px": 0, "smeta_vlezaet": false, "brauzer_fits": true, "t": "2026-08-14T05:48:45"}
{"sid": "kategoriya", "tag": "manual-top32", "kegl": 28.0, "cena_kegl_pct": 26.32, "pereliv_h_px": 24.4, "pereliv_x_px": 0, "smeta_vlezaet": true, "brauzer_fits": false, "t": "2026-08-14T05:48:45"}
{"sid": "kategoriya-vect-iso", "tag": "manual-top32", "kegl": 39.0, "cena_kegl_pct": -2.63, "pereliv_h_px": 69.0, "pereliv_x_px": 0, "smeta_vlezaet": true, "brauzer_fits": false, "t": "2026-08-14T05:48:45"}
{"sid": "moral-estestvennosti", "tag": "manual-top32", "kegl": 38.0, "cena_kegl_pct": 0.0, "pereliv_h_px": 0.0, "pereliv_x_px": 0, "smeta_vlezaet": true, "brauzer_fits": true, "t": "2026-08-14T05:48:45"}
{"sid": "napominanie", "tag": "manual-top32", "kegl": 40.0, "cena_kegl_pct": -5.26, "pereliv_h_px": 0.0, "pereliv_x_px": 0, "smeta_vlezaet": false, "brauzer_fits": true, "t": "2026-08-14T05:48:45"}
{"sid": "nekanonicheskij-izomorfizm", "tag": "manual-top32", "kegl": 38.0, "cena_kegl_pct": 0.0, "pereliv_h_px": 0.0, "pereliv_x_px": 0, "smeta_vlezaet": true, "brauzer_fits": true, "t": "2026-08-14T05:48:45"}
{"sid": "razdelitel-estestvennost", "tag": "manual-top32", "propushcheno": "тип вёрстки 'razdelitel' текстовой зоны не имеет либо не поддержан сметой (поддержаны: polosa_gorizontalnaya, polosa_vertikalnaya, tolko_tekst)", "t": "2026-08-14T05:48:45"}
{"sid": "razdelitel-retrakty", "tag": "manual-top32", "propushcheno": "тип вёрстки 'razdelitel' текстовой зоны не имеет либо не поддержан сметой (поддержаны: polosa_gorizontalnaya, polosa_vertikalnaya, tolko_tekst)", "t": "2026-08-14T05:48:45"}
{"sid": "retrakt", "tag": "manual-top32", "kegl": 35.0, "cena_kegl_pct": 7.89, "pereliv_h_px": 3.8, "pereliv_x_px": 0, "smeta_vlezaet": true, "brauzer_fits": false, "t": "2026-08-14T05:48:45"}
{"sid": "teorema-brauera", "tag": "manual-top32", "kegl": 36.0, "cena_kegl_pct": 5.26, "pereliv_h_px": 6.7, "pereliv_x_px": 0, "smeta_vlezaet": false, "brauzer_fits": false, "t": "2026-08-14T05:48:45"}
{"sid": "vektornye-prostranstva", "tag": "manual-top32", "kegl": 37.0, "cena_kegl_pct": 2.63, "pereliv_h_px": 3.0, "pereliv_x_px": 0, "smeta_vlezaet": true, "brauzer_fits": false, "t": "2026-08-14T05:48:45"}
{"sid": "zamena-bazisa", "tag": "manual-top32", "kegl": 38.0, "cena_kegl_pct": 0.0, "pereliv_h_px": 0.0, "pereliv_x_px": 3, "smeta_vlezaet": false, "brauzer_fits": true, "t": "2026-08-14T05:48:45"}
{"sid": "anons-dvojstvennogo", "tag": "verify-final-state", "kegl": 41.0, "cena_kegl_pct": -7.89, "pereliv_h_px": 0.0, "pereliv_x_px": 0, "smeta_vlezaet": true, "brauzer_fits": true, "t": "2026-08-14T05:59:56"}
{"sid": "anons-retraktov", "tag": "verify-final-state", "kegl": 41.0, "cena_kegl_pct": -7.89, "pereliv_h_px": 0.0, "pereliv_x_px": 0, "smeta_vlezaet": true, "brauzer_fits": true, "t": "2026-08-14T05:59:56"}
{"sid": "bazis-i-matricy", "tag": "verify-final-state", "kegl": 38.0, "cena_kegl_pct": 0.0, "pereliv_h_px": 0.0, "pereliv_x_px": 0, "smeta_vlezaet": false, "brauzer_fits": true, "t": "2026-08-14T05:59:56"}
{"sid": "centr-gruppy", "tag": "verify-final-state", "kegl": 38.0, "cena_kegl_pct": 0.0, "pereliv_h_px": 0.0, "pereliv_x_px": 0, "smeta_vlezaet": true, "brauzer_fits": true, "t": "2026-08-14T05:59:56"}
{"sid": "dvazhdy-dvojstvennoe", "tag": "verify-final-state", "kegl": 38.0, "cena_kegl_pct": 0.0, "pereliv_h_px": 0.0, "pereliv_x_px": 0, "smeta_vlezaet": false, "brauzer_fits": true, "t": "2026-08-14T05:59:56"}
{"sid": "dvojstvennoe-prostranstvo", "tag": "verify-final-state", "kegl": 36.0, "cena_kegl_pct": 5.26, "pereliv_h_px": 0.0, "pereliv_x_px": 0, "smeta_vlezaet": false, "brauzer_fits": true, "t": "2026-08-14T05:59:56"}
{"sid": "dvojstvennyj-bazis", "tag": "verify-final-state", "kegl": 35.0, "cena_kegl_pct": 7.89, "pereliv_h_px": 0.0, "pereliv_x_px": 0, "smeta_vlezaet": false, "brauzer_fits": true, "t": "2026-08-14T05:59:56"}
{"sid": "fundamentalnaya-gruppa", "tag": "verify-final-state", "kegl": 36.0, "cena_kegl_pct": 5.26, "pereliv_h_px": 0.0, "pereliv_x_px": 0, "smeta_vlezaet": true, "brauzer_fits": true, "t": "2026-08-14T05:59:56"}
{"sid": "funktor", "tag": "verify-final-state", "kegl": 32.0, "cena_kegl_pct": 15.79, "pereliv_h_px": 52.3, "pereliv_x_px": 0, "smeta_vlezaet": true, "brauzer_fits": false, "t": "2026-08-14T05:59:56"}
{"sid": "inyekcii", "tag": "verify-final-state", "kegl": 38.0, "cena_kegl_pct": 0.0, "pereliv_h_px": 0.0, "pereliv_x_px": 0, "smeta_vlezaet": false, "brauzer_fits": true, "t": "2026-08-14T05:59:56"}
{"sid": "itogi", "tag": "verify-final-state", "kegl": 41.0, "cena_kegl_pct": -7.89, "pereliv_h_px": 0.0, "pereliv_x_px": 0, "smeta_vlezaet": true, "brauzer_fits": true, "t": "2026-08-14T05:59:56"}
{"sid": "izomorfizm", "tag": "verify-final-state", "kegl": 37.0, "cena_kegl_pct": 2.63, "pereliv_h_px": 0.0, "pereliv_x_px": 0, "smeta_vlezaet": false, "brauzer_fits": true, "t": "2026-08-14T05:59:56"}
{"sid": "kategoriya", "tag": "verify-final-state", "kegl": 28.0, "cena_kegl_pct": 26.32, "pereliv_h_px": 30.4, "pereliv_x_px": 0, "smeta_vlezaet": true, "brauzer_fits": false, "t": "2026-08-14T05:59:56"}
{"sid": "kategoriya-vect-iso", "tag": "verify-final-state", "kegl": 39.0, "cena_kegl_pct": -2.63, "pereliv_h_px": 69.0, "pereliv_x_px": 0, "smeta_vlezaet": true, "brauzer_fits": false, "t": "2026-08-14T05:59:56"}
{"sid": "moral-estestvennosti", "tag": "verify-final-state", "kegl": 38.0, "cena_kegl_pct": 0.0, "pereliv_h_px": 0.0, "pereliv_x_px": 0, "smeta_vlezaet": true, "brauzer_fits": true, "t": "2026-08-14T05:59:56"}
{"sid": "napominanie", "tag": "verify-final-state", "kegl": 40.0, "cena_kegl_pct": -5.26, "pereliv_h_px": 0.0, "pereliv_x_px": 0, "smeta_vlezaet": false, "brauzer_fits": true, "t": "2026-08-14T05:59:56"}
{"sid": "nekanonicheskij-izomorfizm", "tag": "verify-final-state", "kegl": 38.0, "cena_kegl_pct": 0.0, "pereliv_h_px": 0.0, "pereliv_x_px": 0, "smeta_vlezaet": true, "brauzer_fits": true, "t": "2026-08-14T05:59:56"}
{"sid": "razdelitel-estestvennost", "tag": "verify-final-state", "propushcheno": "тип вёрстки 'razdelitel' текстовой зоны не имеет либо не поддержан сметой (поддержаны: polosa_gorizontalnaya, polosa_vertikalnaya, tolko_tekst)", "t": "2026-08-14T05:59:56"}
{"sid": "razdelitel-retrakty", "tag": "verify-final-state", "propushcheno": "тип вёрстки 'razdelitel' текстовой зоны не имеет либо не поддержан сметой (поддержаны: polosa_gorizontalnaya, polosa_vertikalnaya, tolko_tekst)", "t": "2026-08-14T05:59:56"}
{"sid": "retrakt", "tag": "verify-final-state", "kegl": 35.0, "cena_kegl_pct": 7.89, "pereliv_h_px": 3.8, "pereliv_x_px": 0, "smeta_vlezaet": true, "brauzer_fits": false, "t": "2026-08-14T05:59:56"}
{"sid": "teorema-brauera", "tag": "verify-final-state", "kegl": 36.0, "cena_kegl_pct": 5.26, "pereliv_h_px": 6.7, "pereliv_x_px": 0, "smeta_vlezaet": false, "brauzer_fits": false, "t": "2026-08-14T05:59:56"}
{"sid": "vektornye-prostranstva", "tag": "verify-final-state", "kegl": 37.0, "cena_kegl_pct": 2.63, "pereliv_h_px": 9.0, "pereliv_x_px": 0, "smeta_vlezaet": true, "brauzer_fits": false, "t": "2026-08-14T05:59:56"}
{"sid": "zamena-bazisa", "tag": "verify-final-state", "kegl": 38.0, "cena_kegl_pct": 0.0, "pereliv_h_px": 0.0, "pereliv_x_px": 3, "smeta_vlezaet": false, "brauzer_fits": true, "t": "2026-08-14T05:59:56"}
